                               *****************
                               ***CASE REPORT***
                               *****************

Simulation Metadata
----------------------
 GEOPHIRES Version: 3.0
 GEOPHIRES Build Date: 2022-06-30
 Simulation Date: 2023-07-19
 Simulation Time:  14:15
 Calculation Time:      3.401 sec

                           ***SUMMARY OF RESULTS***

      End-Use Option: Electricity
      Average Net Electricity Production:                     1.22 MW
      Electricity breakeven price:                           37.54 cents/kWh
      Number of production wells:                             2
      Number of injection wells:                              2
      Flowrate per production well:                          30.0 kg/sec
      Well depth (or total length, if not vertical):          5.0 kilometer
      Geothermal gradient:                                    0.0350 degC/m


                           ***ECONOMIC PARAMETERS***

      Economic Model  = BICYCLE
      Accrued financing during construction:                  5.00
      Project lifetime:                                      35 yr
      Capacity factor:                                       90.0 %

                          ***ENGINEERING PARAMETERS***

      Number of Production Wells:                             2
      Number of Injection Wells:                              2
      Well depth (or total length, if not vertical):          5.0 kilometer
      Water loss rate:                                        2.0
      Pump efficiency:                                       80.0
      Injection temperature:                                 50.0 degC
      Production Wellbore heat transmission calculated with Ramey's model
      Average production well temperature drop:               3.2 degC
      Flowrate per production well:                          30.0 kg/sec
      Injection well casing ID:                               0.004 meter
      Production well casing ID:                              0.004 meter
      Number of times redrilling:                             0
      Power plant type:                                       Supercritical ORC


                         ***RESOURCE CHARACTERISTICS***

      Maximum reservoir temperature:                        250.0 degC
      Number of segments:                                     1
      Geothermal gradient:                                    0.0350 degC/m


                           ***RESERVOIR PARAMETERS***

      Reservoir Model = 1-D Linear Heat Sweep Model
      Bottom-hole temperature:                              195.00 degC
      Fracture model = Rectangular
      Well seperation: fracture height:                     100.00 meter
      Fracture width:                                                 100.00 meter
      Fracture area:                                      10000.00 m**2
      Reservoir volume:                               125000000 m**3
      Reservoir hydrostatic pressure:                       100.00 kPa
      Plant outlet pressure:                               1670.50 kPa
      Production wellhead pressure:                        1739.45 kPa
      Productivity Index:                                    10.00 kg/sec/bar
      Injectivity Index:                                     10.00 kg/sec/bar
      Reservoir density:                                   2600.00 kg/m**3
      Reservoir thermal conductivity:                         3.00 watt/m/kelvin
      Reservoir heat capacity:                              774.00 J/kg/kelvin
      Reservoir porosity:                                     4.00


                           ***RESERVOIR SIMULATION RESULTS***

      Maximum Production Temperature:                       183.2 degC
      Average Production Temperature:                       128.6 degC
      Minimum Production Temperature:                       101.5 degC
      Initial Production Temperature:                       179.6 degC
      Average Reservoir Heat Extraction:                     19.99 MW
      Production Wellbore Heat Transmission Model = Ramey Model
      Average Production Well Temperature Drop:               3.2 degC
      Average Injection Well Pump Pressure Drop:          -1356.4 kPa
      Average Production Well Pump Pressure Drop:          2268.2 kPa


                          ***CAPITAL COSTS (M$)***

         Drilling and completion costs:                      47.16 MUSD
         Drilling and completion costs per well:             11.79 MUSD
         Stimulation costs:                                   3.02 MUSD
         Surface power plant costs:                          13.48 MUSD
         Field gathering system costs:                        2.29 MUSD
         Total surface equipment costs:                      15.77 MUSD
         Exploration costs:                                   9.97 MUSD
      Total capital costs:                                   75.92 MUSD


                ***OPERATING AND MAINTENANCE COSTS (M$/yr)***

         Wellfield maintenance costs:                         0.63 MUSD/yr
         Power plant maintenance costs:                       0.62 MUSD/yr
         Water costs:                                         0.03 MUSD/yr
      Total operating and maintenance costs:                  1.29 MUSD/yr


                           ***SURFACE EQUIPMENT SIMULATION RESULTS***

      Initial geofluid availability:                          0.14 MW/(kg/s)
      Maximum Total Electricity Generation:                   3.98 MW
      Average Total Electricity Generation:                   1.40 MW
      Minimum Total Electricity Generation:                   0.51 MW
      Initial Total Electricity Generation:                   3.76 MW
      Maximum Net Electricity Generation:                     3.98 MW
      Average Net Electricity Generation:                     1.22 MW
      Minimum Net Electricity Generation:                     0.24 MW
      Initial Net Electricity Generation:                     3.76 MW
      Average Annual Total Electricity Generation:           10.98 GWh
      Average Annual Net Electricity Generation:              9.53 GWh
      Average Pumping Power:                                  0.18 MW

                                        ******************************
                                        *  POWER GENERATION PROFILE  *
                                        ******************************
  YEAR       THERMAL               GEOFLUID               PUMP               NET               FIRST LAW
             DRAWDOWN             TEMPERATURE             POWER             POWER              EFFICIENCY
                                     (degC)               (MW)              (MW)                  (%)
   1           1.0000                179.56               0.0000            3.7597               11.4100
   2           1.0151                182.27               0.0000            3.9214               11.6565
   3           1.0196                183.08               0.0000            3.9702               11.7296
   4           0.8402                150.86               0.1034            2.1238                8.2793
   5           0.8299                149.02               0.1115            2.0299                8.0600
   6           0.8196                147.16               0.1195            1.9367                7.8372
   7           0.8092                145.30               0.1272            1.8452                7.6130
   8           0.7989                143.44               0.1346            1.7560                7.3886
   9           0.7886                141.60               0.1419            1.6692                7.1648
  10           0.7784                139.77               0.1489            1.5850                6.9419
  11           0.7684                137.97               0.1557            1.5035                6.7203
  12           0.7584                136.18               0.1623            1.4248                6.5003
  13           0.7486                134.42               0.1687            1.3489                6.2819
  14           0.7390                132.69               0.1749            1.2756                6.0654
  15           0.7295                130.98               0.1808            1.2050                5.8507
  16           0.7201                129.30               0.1866            1.1371                5.6381
  17           0.7109                127.64               0.1922            1.0718                5.4275
  18           0.7018                126.01               0.1976            1.0090                5.2190
  19           0.6929                124.41               0.2029            0.9486                5.0126
  20           0.6841                122.83               0.2079            0.8907                4.8083
  21           0.6755                121.28               0.2128            0.8351                4.6061
  22           0.6670                119.76               0.2176            0.7818                4.4061
  23           0.6587                118.27               0.2221            0.7307                4.2081
  24           0.6505                116.80               0.2266            0.6817                4.0121
  25           0.6425                115.36               0.2308            0.6348                3.8182
  26           0.6346                113.95               0.2350            0.5898                3.6263
  27           0.6269                112.57               0.2390            0.5468                3.4363
  28           0.6193                111.21               0.2428            0.5057                3.2483
  29           0.6119                109.87               0.2466            0.4663                3.0621
  30           0.6046                108.57               0.2502            0.4286                2.8776
  31           0.5975                107.29               0.2537            0.3926                2.6950
  32           0.5905                106.03               0.2571            0.3583                2.5139
  33           0.5837                104.80               0.2603            0.3254                2.3345
  34           0.5769                103.60               0.2635            0.2940                2.1567
  35           0.5704                102.41               0.2666            0.2640                1.9803


                              ***************************************************************
                              *  HEAT AND/OR ELECTRICITY EXTRACTION AND GENERATION PROFILE  *
                              ***************************************************************
  YEAR             ELECTRICITY                   HEAT                RESERVOIR            PERCENTAGE OF
                    PROVIDED                   EXTRACTED            HEAT CONTENT        TOTAL HEAT MINED
                   (GWh/year)                  (GWh/year)            (10^15 J)                 (%)
   1                  30.3                       262.8                 35.53                   2.59
   2                  31.1                       266.1                 34.57                   5.22
   3                  23.0                       229.8                 33.74                   7.49
   4                  16.4                       200.4                 33.02                   9.47
   5                  15.6                       196.7                 32.31                  11.41
   6                  14.9                       193.0                 31.62                  13.31
   7                  14.2                       189.2                 30.94                  15.18
   8                  13.5                       185.5                 30.27                  17.01
   9                  12.8                       181.8                 29.62                  18.81
  10                  12.2                       178.2                 28.97                  20.56
  11                  11.5                       174.6                 28.35                  22.29
  12                  10.9                       171.0                 27.73                  23.98
  13                  10.3                       167.5                 27.13                  25.63
  14                   9.8                       164.1                 26.54                  27.25
  15                   9.2                       160.7                 25.96                  28.84
  16                   8.7                       157.3                 25.39                  30.39
  17                   8.2                       154.0                 24.84                  31.91
  18                   7.7                       150.8                 24.29                  33.40
  19                   7.2                       147.6                 23.76                  34.85
  20                   6.8                       144.5                 23.24                  36.28
  21                   6.4                       141.4                 22.73                  37.68
  22                   6.0                       138.4                 22.23                  39.04
  23                   5.6                       135.4                 21.75                  40.38
  24                   5.2                       132.5                 21.27                  41.69
  25                   4.8                       129.6                 20.80                  42.97
  26                   4.5                       126.8                 20.35                  44.22
  27                   4.1                       124.1                 19.90                  45.44
  28                   3.8                       121.4                 19.46                  46.64
  29                   3.5                       118.7                 19.04                  47.81
  30                   3.2                       116.1                 18.62                  48.96
  31                   3.0                       113.6                 18.21                  50.08
  32                   2.7                       111.1                 17.81                  51.18
  33                   2.4                       108.7                 17.42                  52.25
  34                   2.2                       106.3                 17.03                  53.30
  35                   1.7                        86.8                 16.72                  54.15
