                               *****************
                               ***CASE REPORT***
                               *****************

Simulation Metadata
----------------------
 GEOPHIRES Version: 3.0
 GEOPHIRES Build Date: 2022-06-30
 Simulation Date: 2023-07-19
 Simulation Time:  15:34
 Calculation Time:      0.661 sec

                           ***SUMMARY OF RESULTS***

      End-Use Option: Direct-Use Heat
      Average Direct-Use Heat Production:                    27.97 MW
      Direct-Use heat breakeven price:                        5.92 USD/MMBTU
      Number of production wells:                             2
      Number of injection wells:                              2
      Flowrate per production well:                          50.0 kg/sec
      Well depth (or total length, if not vertical):          3.0 kilometer
      Geothermal gradient:                                    0.0500 degC/m


                           ***ECONOMIC PARAMETERS***

      Economic Model = Standard Levelized Cost
      Interest Rate:                                          7.00
      Accrued financing during construction:                  0.00
      Project lifetime:                                      30 yr
      Capacity factor:                                       90.0 %

                          ***ENGINEERING PARAMETERS***

      Number of Production Wells:                             2
      Number of Injection Wells:                              2
      Well depth (or total length, if not vertical):          3.0 kilometer
      Water loss rate:                                        0.0
      Pump efficiency:                                       75.0
      Injection temperature:                                 70.0 degC
      Production Wellbore heat transmission calculated with Ramey's model
      Average production well temperature drop:               2.8 degC
      Flowrate per production well:                          50.0 kg/sec
      Injection well casing ID:                               0.005 meter
      Production well casing ID:                              0.005 meter
      Number of times redrilling:                             0


                         ***RESOURCE CHARACTERISTICS***

      Maximum reservoir temperature:                        250.0 degC
      Number of segments:                                     1
      Geothermal gradient:                                    0.0500 degC/m


                           ***RESERVOIR PARAMETERS***

      Reservoir Model = Multiple Parallel Fractures Model
      Bottom-hole temperature:                              165.00 degC
      Fracture model = Circular fracture with known area
      Well seperation: fracture diameter:                   564.19 meter
      Fracture area:                                     250000.00 m**2
      Reservoir volume:                               125000000 m**3
      Reservoir hydrostatic pressure:                       100.00 kPa
      Plant outlet pressure:                                971.75 kPa
      Production wellhead pressure:                        1040.70 kPa
      Productivity Index:                                    10.00 kg/sec/bar
      Injectivity Index:                                     10.00 kg/sec/bar
      Reservoir density:                                   2700.00 kg/m**3
      Reservoir thermal conductivity:                         3.00 watt/m/kelvin
      Reservoir heat capacity:                             1000.00 J/kg/kelvin


                           ***RESERVOIR SIMULATION RESULTS***

      Maximum Production Temperature:                       160.8 degC
      Average Production Temperature:                       143.4 degC
      Minimum Production Temperature:                       118.3 degC
      Initial Production Temperature:                       160.5 degC
      Average Reservoir Heat Extraction:                     31.08 MW
      Production Wellbore Heat Transmission Model = Ramey Model
      Average Production Well Temperature Drop:               2.8 degC
      Average Injection Well Pump Pressure Drop:           -515.9 kPa
      Average Production Well Pump Pressure Drop:           629.7 kPa


                          ***CAPITAL COSTS (M$)***

         Drilling and completion costs:                      21.95 MUSD
         Drilling and completion costs per well:              5.49 MUSD
         Stimulation costs:                                   3.02 MUSD
         Surface power plant costs:                          12.38 MUSD
         Field gathering system costs:                        2.23 MUSD
         Total surface equipment costs:                      14.61 MUSD
         Exploration costs:                                   5.33 MUSD
      Total capital costs:                                   44.90 MUSD


                ***OPERATING AND MAINTENANCE COSTS (M$/yr)***

         Wellfield maintenance costs:                         0.49 MUSD/yr
         Power plant maintenance costs:                       0.93 MUSD/yr
         Water costs:                                         0.00 MUSD/yr
         Average annual pumping costs                         0.05 MUSD/yr
      Total operating and maintenance costs:                  1.46 MUSD/yr


                           ***SURFACE EQUIPMENT SIMULATION RESULTS***

      Maximum Net Heat Production:                           34.60 MW
      Average Net Heat Production:                           27.97 MW
      Minimum Net Heat Production:                           18.41 MW
      Initial Net Heat Production:                           34.49 MW
      Average Annual Heat Production:                       213.57 GWh
      Average Pumping Power:                                  0.09 MW

                                        ******************************
                                        *  POWER GENERATION PROFILE  *
                                        ******************************
  YEAR       THERMAL               GEOFLUID               PUMP               NET
             DRAWDOWN             TEMPERATURE             POWER              HEAT
                                   (deg C)                (MW)               (MW)
   0           1.0000                160.48               0.0180           34.4851
   1           1.0000                160.48               0.0180           34.4851
   2           1.0019                160.79               0.0177           34.6042
   3           1.0019                160.77               0.0183           34.5991
   4           0.9993                160.36               0.0206           34.4408
   5           0.9943                159.56               0.0246           34.1365
   6           0.9875                158.47               0.0297           33.7215
   7           0.9795                157.18               0.0357           33.2310
   8           0.9707                155.77               0.0421           32.6904
   9           0.9613                154.26               0.0488           32.1156
  10           0.9514                152.68               0.0557           31.5153
  11           0.9413                151.05               0.0627           30.8941
  12           0.9308                149.38               0.0698           30.2546
  13           0.9201                147.66               0.0770           29.5986
  14           0.9091                145.90               0.0842           28.9280
  15           0.8980                144.10               0.0915           28.2445
  16           0.8866                142.28               0.0987           27.5502
  17           0.8751                140.44               0.1059           26.8469
  18           0.8635                138.57               0.1131           26.1370
  19           0.8518                136.70               0.1201           25.4223
  20           0.8401                134.82               0.1271           24.7051
  21           0.8284                132.93               0.1340           23.9871
  22           0.8166                131.05               0.1408           23.2703
  23           0.8050                129.18               0.1474           22.5563
  24           0.7934                127.32               0.1538           21.8468
  25           0.7819                125.47               0.1601           21.1431
  26           0.7705                123.64               0.1662           20.4467
  27           0.7592                121.84               0.1722           19.7587
  28           0.7481                120.06               0.1779           19.0803
  29           0.7372                118.31               0.1835           18.4125


                              ***************************************************************
                              *  HEAT AND/OR ELECTRICITY EXTRACTION AND GENERATION PROFILE  *
                              ***************************************************************
  YEAR               HEAT                       HEAT                RESERVOIR            PERCENTAGE OF
                    PROVIDED                   EXTRACTED            HEAT CONTENT        TOTAL HEAT MINED
                   (GWh/year)                  (GWh/year)            (10^15 J)                 (%)
   1                 271.9                       302.1                 30.97                   3.39
   2                 272.4                       302.6                 29.89                   6.79
   3                 272.8                       303.1                 28.79                  10.19
   4                 272.2                       302.4                 27.71                  13.59
   5                 270.3                       300.4                 26.62                  16.96
   6                 267.5                       297.2                 25.55                  20.30
   7                 263.9                       293.3                 24.50                  23.59
   8                 259.9                       288.7                 23.46                  26.83
   9                 255.5                       283.9                 22.44                  30.02
  10                 250.8                       278.7                 21.43                  33.15
  11                 246.0                       273.4                 20.45                  36.22
  12                 241.0                       267.8                 19.49                  39.23
  13                 235.9                       262.2                 18.54                  42.17
  14                 230.7                       256.3                 17.62                  45.05
  15                 225.4                       250.4                 16.72                  47.86
  16                 219.9                       244.4                 15.84                  50.60
  17                 214.4                       238.3                 14.98                  53.28
  18                 208.9                       232.1                 14.14                  55.88
  19                 203.2                       225.8                 13.33                  58.42
  20                 197.6                       219.6                 12.54                  60.88
  21                 191.9                       213.3                 11.77                  63.28
  22                 186.3                       207.0                 11.03                  65.60
  23                 180.6                       200.7                 10.31                  67.86
  24                 175.0                       194.5                  9.61                  70.04
  25                 169.5                       188.3                  8.93                  72.15
  26                 163.9                       182.2                  8.27                  74.20
  27                 158.5                       176.1                  7.64                  76.18
  28                 153.1                       170.1                  7.03                  78.09
  29                 147.8                       164.2                  6.43                  79.93
  30                   0.0                         0.0                  6.43                  79.93
