                               *****************
                               ***CASE REPORT***
                               *****************

Simulation Metadata
----------------------
 GEOPHIRES Version: 3.0
 GEOPHIRES Build Date: 2022-06-30
 Simulation Date: 2023-09-28
 Simulation Time:  17:39
 Calculation Time:      2.234 sec


                           ***AGS/CLGS STYLE OUTPUT***

### Configuration ###
      End-Use: Electricity
      Fluid: water
      Design: utube
      Flow rate:                                             20.0 kg/sec
      Lateral Length:                                      9000 meter
      Vertical Depth:                                         3 kilometer
      Geothermal Gradient:                                   0.0600 degC/m
      Wellbore Diameter:                                      8.5000 in
      Injection Temperature:                                 60.0 degC
      Thermal Conductivity:                                   3.00 watt/m/kelvin
 ### Reservoir Simulation Results ###
      Average Production Temperature:                       107.0 degC
      Average Production Pressure:                          207.0 bar
      Average Heat Production:                             3916.9 kW
      First Year Heat Production:                         43316.2 kWh
      Average Net Electricity Production:                   285.3 kW
      First Year Electricity Production:                   3395.8 kWh
 ### Cost Results ###
      Total CAPEX:                                           16.2 MUSD
      Drilling Cost:                                         15.0 MUSD
      Surface Plant Cost:                                     1.2 MUSD
      OPEX:                                                  18.6 KUSD/yr
      LCOE:                                                 437.5 USD/MWh

                                        ******************************
                                        *  POWER GENERATION PROFILE  *
                                        ******************************
  YEAR       THERMAL               GEOFLUID               PUMP               NET               FIRST LAW
             DRAWDOWN             TEMPERATURE             POWER             POWER              EFFICIENCY
                                     (degC)               (MW)              (MW)                  (%)
   1           1.0000                122.04               0.0000            0.4143               10.5760
   2           0.9497                122.04               0.0000            0.4143               10.5760
   3           0.9277                118.86               0.0000            0.3841                9.8066
   4           0.9158                117.10               0.0000            0.3682                9.3995
   5           0.9077                115.90               0.0000            0.3575                9.1262
   6           0.9017                115.00               0.0000            0.3495                8.9235
   7           0.8969                114.29               0.0000            0.3435                8.7694
   8           0.8929                113.71               0.0000            0.3385                8.6429
   9           0.8895                113.21               0.0000            0.3343                8.5360
  10           0.8866                112.78               0.0000            0.3308                8.4444
  11           0.8840                112.40               0.0000            0.3276                8.3640
  12           0.8817                112.06               0.0000            0.3248                8.2925
  13           0.8796                111.76               0.0000            0.3223                8.2285
  14           0.8777                111.48               0.0000            0.3200                8.1705
  15           0.8760                111.23               0.0000            0.3180                8.1174
  16           0.8744                110.99               0.0000            0.3160                8.0687
  17           0.8729                110.78               0.0000            0.3143                8.0237
  18           0.8715                110.57               0.0000            0.3126                7.9818
  19           0.8702                110.39               0.0000            0.3111                7.9428
  20           0.8689                110.21               0.0000            0.3097                7.9062
  21           0.8678                110.04               0.0000            0.3083                7.8718
  22           0.8667                109.88               0.0000            0.3071                7.8400
  23           0.8656                109.73               0.0000            0.3059                7.8100
  24           0.8647                109.59               0.0000            0.3048                7.7816
  25           0.8637                109.45               0.0000            0.3037                7.7547
  26           0.8628                109.33               0.0000            0.3027                7.7290
  27           0.8620                109.20               0.0000            0.3018                7.7044
  28           0.8611                109.08               0.0000            0.3009                7.6810
  29           0.8604                108.97               0.0000            0.3000                7.6585
  30           0.8596                108.86               0.0000            0.2991                7.6370
  31           0.8589                108.76               0.0000            0.2983                7.6163
  32           0.8582                108.66               0.0000            0.2975                7.5964
  33           0.8575                108.56               0.0000            0.2968                7.5772
  34           0.8568                108.46               0.0000            0.2961                7.5588
  35           0.8562                108.37               0.0000            0.2954                7.5409
  36           0.8556                108.29               0.0000            0.2947                7.5237
  37           0.8550                108.20               0.0000            0.2940                7.5070
  38           0.8544                108.12               0.0000            0.2934                7.4908
  39           0.8539                108.04               0.0000            0.2928                7.4752
  40           0.8533                107.96               0.0000            0.2922                7.4600

                              ***************************************************************
                              *  HEAT AND/OR ELECTRICITY EXTRACTION AND GENERATION PROFILE  *
                              ***************************************************************
  YEAR             ELECTRICITY                   HEAT                RESERVOIR            PERCENTAGE OF
                    PROVIDED                   EXTRACTED            HEAT CONTENT        TOTAL HEAT MINED
                   (GWh/year)                  (GWh/year)            (10^15 J)                 (%)
   1                   3.6                        39.0                  3.65                   3.71
   2                   3.6                        35.8                  3.52                   7.10
   3                   3.4                        34.5                  3.40                  10.38
   4                   3.2                        33.7                  3.28                  13.58
   5                   3.1                        33.2                  3.16                  16.73
   6                   3.1                        32.7                  3.04                  19.84
   7                   3.0                        32.4                  2.92                  22.91
   8                   3.0                        32.1                  2.81                  25.95
   9                   2.9                        31.8                  2.69                  28.97
  10                   2.9                        31.6                  2.58                  31.97
  11                   2.9                        31.4                  2.47                  34.96
  12                   2.8                        31.2                  2.35                  37.92
  13                   2.8                        31.1                  2.24                  40.87
  14                   2.8                        30.9                  2.13                  43.80
  15                   2.8                        30.8                  2.02                  46.73
  16                   2.8                        30.7                  1.91                  49.64
  17                   2.8                        30.5                  1.80                  52.54
  18                   2.7                        30.4                  1.69                  55.42
  19                   2.7                        30.3                  1.58                  58.30
  20                   2.7                        30.2                  1.47                  61.17
  21                   2.7                        30.1                  1.36                  64.03
  22                   2.7                        30.0                  1.26                  66.89
  23                   2.7                        30.0                  1.15                  69.73
  24                   2.7                        29.9                  1.04                  72.57
  25                   2.7                        29.8                  0.93                  75.40
  26                   2.7                        29.7                  0.83                  78.23
  27                   2.6                        29.7                  0.72                  81.04
  28                   2.6                        29.6                  0.61                  83.86
  29                   2.6                        29.5                  0.51                  86.66
  30                   2.6                        29.5                  0.40                  89.46
  31                   2.6                        29.4                  0.29                  92.26
  32                   2.6                        29.4                  0.19                  95.05
  33                   2.6                        29.3                  0.08                  97.83
  34                   2.6                        29.3                 -0.02                 100.61
  35                   2.6                        29.2                 -0.13                 103.38
  36                   2.6                        29.2                 -0.23                 106.15
  37                   2.6                        29.1                 -0.34                 108.92
  38                   2.6                        29.1                 -0.44                 111.68
  39                   2.6                        29.0                 -0.55                 114.44
  40                   2.6                        29.0                 -0.65                 117.19
