                               *****************
                               ***CASE REPORT***
                               *****************

Simulation Metadata
----------------------
 GEOPHIRES Version: 3.4.0
 GEOPHIRES Build Date: 2022-06-30
 Simulation Date: 2024-02-12
 Simulation Time:  09:55
 Calculation Time:      0.061 sec

                           ***SUMMARY OF RESULTS***

      End-Use Option: Direct-Use Heat
      Average Direct-Use Heat Production:                    17.04 MW
      Direct-Use heat breakeven price:                       14.38 USD/MMBTU
      Number of production wells:                             2
      Number of injection wells:                              2
      Flowrate per production well:                          70.0 kg/sec
      Well depth (or total length, if not vertical):          2.1 kilometer
      Geothermal gradient:                                    0.0450 degC/m


                           ***ECONOMIC PARAMETERS***

      Economic Model = Standard Levelized Cost
      Interest Rate:                                          5.00
      Accrued financing during construction:                  5.00
      Project lifetime:                                      30 yr
      Capacity factor:                                       90.0 %
      Project NPV:                                           6.28 MUSD
      Project IRR:                                           0.08 %
      Project VIR=PI=PIR:                                    1.20
      Project MOIC:                                          1.01

                          ***ENGINEERING PARAMETERS***

      Number of Production Wells:                             2
      Number of Injection Wells:                              2
      Well depth (or total length, if not vertical):          2.1 kilometer
      Water loss rate:                                        2.0
      Pump efficiency:                                       80.0
      Injection temperature:                                 83.0 degC
      User-provided production well temperature drop
      Constant production well temperature drop:              5.0 degC
      Flowrate per production well:                          70.0 kg/sec
      Injection well casing ID:                               8.500 in
      Production well casing ID:                              8.500 in
      Number of times redrilling:                             0


                         ***RESOURCE CHARACTERISTICS***

      Maximum reservoir temperature:                        400.0 degC
      Number of segments:                                     1
      Geothermal gradient:                                    0.0450 degC/m


                           ***RESERVOIR PARAMETERS***

      Reservoir Model = Single Fracture m/A Thermal Drawdown Model
      m/A Drawdown Parameter:                                 0.00002 1/year
      Bottom-hole temperature:                              109.50 degC
      Reservoir volume calculated with fracture separation and number of fractures as input
      Number of fractures:                                   12.00
      Fracture separation:                                   80.00 meter
      Reservoir volume:                               176000000 m**3
      Reservoir hydrostatic pressure:                       100.00 kPa
      Plant outlet pressure:                                416.74 kPa
      Production wellhead pressure:                         485.69 kPa
      Productivity Index:                                    10.00 kg/sec/bar
      Injectivity Index:                                      5.00 kg/sec/bar
      Reservoir density:                                   3000.00 kg/m**3
      Reservoir thermal conductivity:                         3.00 watt/m/kelvin
      Reservoir heat capacity:                             1000.00 J/kg/kelvin


                           ***RESERVOIR SIMULATION RESULTS***

      Maximum Production Temperature:                       104.5 degC
      Average Production Temperature:                       103.7 degC
      Minimum Production Temperature:                       101.8 degC
      Initial Production Temperature:                       104.5 degC
      Average Reservoir Heat Extraction:                     12.17 MW
      Wellbore Heat Transmission Model = Constant Temperature Drop:       5.0 degC
      Average Injection Well Pump Pressure Drop:           1649.2 kPa
      Average Production Well Pump Pressure Drop:           832.5 kPa


                          ***CAPITAL COSTS (M$)***

         Drilling and completion costs:                      13.91 MUSD
         Drilling and completion costs per well:              3.48 MUSD
         Stimulation costs:                                   3.02 MUSD
         Surface power plant costs:                           7.82 MUSD
            of which Heat Pump Cost:                          3.74 MUSD
         Field gathering system costs:                        2.56 MUSD
         Total surface equipment costs:                      10.37 MUSD
         Exploration costs:                                   3.85 MUSD
      Total capital costs:                                   31.15 MUSD


                ***OPERATING AND MAINTENANCE COSTS (M$/yr)***

         Wellfield maintenance costs:                         0.23 MUSD/yr
         Power plant maintenance costs:                       0.32 MUSD/yr
         Water costs:                                         0.07 MUSD/yr
         Average Reservoir Pumping Cost:                      0.25 MUSD/yr
         Average Heat Pump Electricity Cost:                  3.72 MUSD/yr
      Total operating and maintenance costs:                  4.59 MUSD/yr


                           ***SURFACE EQUIPMENT SIMULATION RESULTS***

      Maximum Net Heat Production:                           17.74 MW
      Average Net Heat Production:                           17.04 MW
      Minimum Net Heat Production:                           15.52 MW
      Initial Net Heat Production:                           17.74 MW
      Average Annual Heat Production:                       133.90 GWh
      Average Annual Heat Pump Electricity Use:              53.13 GWh/year
      Average Pumping Power:                                  0.46 MW

                            ************************************************************
                            *  HEATING, COOLING AND/OR ELECTRICITY PRODUCTION PROFILE  *
                            ************************************************************
  YEAR         THERMAL              GEOFLUID               PUMP               NET             HEAT PUMP
               DRAWDOWN            TEMPERATURE             POWER              HEAT         ELECTRICITY USE
                                    (deg C)                (MWe)              (MWt)             (MWe)
   0            1.0000               104.50                0.4541            17.7352            7.0378
   1            1.0000               104.50                0.4541            17.7352            7.0378
   2            1.0000               104.50                0.4541            17.7352            7.0378
   3            1.0000               104.50                0.4541            17.7352            7.0378
   4            1.0000               104.50                0.4541            17.7351            7.0377
   5            1.0000               104.50                0.4541            17.7339            7.0373
   6            0.9999               104.49                0.4542            17.7297            7.0356
   7            0.9998               104.48                0.4542            17.7198            7.0317
   8            0.9996               104.46                0.4542            17.7017            7.0245
   9            0.9993               104.43                0.4543            17.6736            7.0133
  10            0.9988               104.38                0.4545            17.6346            6.9979
  11            0.9983               104.32                0.4546            17.5844            6.9779
  12            0.9975               104.24                0.4548            17.5234            6.9537
  13            0.9967               104.16                0.4551            17.4522            6.9255
  14            0.9958               104.06                0.4553            17.3717            6.8935
  15            0.9948               103.95                0.4556            17.2830            6.8583
  16            0.9936               103.84                0.4559            17.1869            6.8202
  17            0.9925               103.71                0.4563            17.0847            6.7796
  18            0.9912               103.58                0.4566            16.9770            6.7369
  19            0.9899               103.44                0.4570            16.8649            6.6924
  20            0.9886               103.30                0.4574            16.7492            6.6465
  21            0.9872               103.16                0.4577            16.6304            6.5994
  22            0.9858               103.01                0.4581            16.5093            6.5513
  23            0.9844               102.86                0.4585            16.3864            6.5025
  24            0.9829               102.71                0.4589            16.2621            6.4532
  25            0.9815               102.56                0.4593            16.1370            6.4036
  26            0.9800               102.41                0.4597            16.0113            6.3537
  27            0.9785               102.26                0.4602            15.8854            6.3037
  28            0.9771               102.10                0.4606            15.7595            6.2538
  29            0.9756               101.95                0.4610            15.6340            6.2040


                              *******************************************************************
                              *  ANNUAL HEATING, COOLING AND/OR ELECTRICITY PRODUCTION PROFILE  *
                              *******************************************************************
  YEAR              HEATING             RESERVOIR HEAT          HEAT PUMP          RESERVOIR           PERCENTAGE OF
                    PROVIDED              EXTRACTED          ELECTRICITY USE      HEAT CONTENT        TOTAL HEAT MINED
                   (GWh/year)             (GWh/year)           (GWh/year)           (10^15 J)                (%)
   1                 139.8                   99.9                55.49                13.63                  2.57
   2                 139.8                   99.9                55.49                13.27                  5.14
   3                 139.8                   99.9                55.49                12.91                  7.71
   4                 139.8                   99.9                55.49                12.55                 10.28
   5                 139.8                   99.9                55.48                12.19                 12.85
   6                 139.8                   99.9                55.48                11.83                 15.42
   7                 139.7                   99.8                55.45                11.48                 17.99
   8                 139.6                   99.7                55.41                11.12                 20.55
   9                 139.5                   99.6                55.34                10.76                 23.11
  10                 139.2                   99.4                55.23                10.40                 25.67
  11                 138.8                   99.2                55.10                10.04                 28.22
  12                 138.4                   98.9                54.92                 9.69                 30.77
  13                 137.9                   98.5                54.71                 9.33                 33.30
  14                 137.3                   98.1                54.48                 8.98                 35.82
  15                 136.6                   97.6                54.21                 8.63                 38.34
  16                 135.9                   97.1                53.92                 8.28                 40.83
  17                 135.1                   96.5                53.61                 7.93                 43.32
  18                 134.3                   95.9                53.28                 7.59                 45.78
  19                 133.4                   95.3                52.94                 7.24                 48.24
  20                 132.5                   94.6                52.58                 6.90                 50.67
  21                 131.6                   94.0                52.22                 6.56                 53.09
  22                 130.6                   93.3                51.84                 6.23                 55.49
  23                 129.7                   92.6                51.46                 5.89                 57.87
  24                 128.7                   91.9                51.07                 5.56                 60.24
  25                 127.7                   91.2                50.68                 5.24                 62.59
  26                 126.7                   90.5                50.29                 4.91                 64.91
  27                 125.7                   89.8                49.90                 4.59                 67.22
  28                 124.7                   89.1                49.50                 4.27                 69.52
  29                 123.8                   88.4                49.11                 3.95                 71.79
  30                 110.5                   79.0                43.86                 3.66                 73.82
