                               *****************
                               ***CASE REPORT***
                               *****************

Simulation Metadata
----------------------
 GEOPHIRES Version: 3.4.3
 GEOPHIRES Build Date: 2022-06-30
 Simulation Date: 2024-02-18
 Simulation Time:  09:27
 Calculation Time:      0.622 sec

                           ***SUMMARY OF RESULTS***

      End-Use Option: Electricity
      Average Net Electricity Production:                     1.90 MW
      Electricity breakeven price:                           39.29 cents/kWh
      Number of production wells:                             2
      Number of injection wells:                              2
      Flowrate per production well:                          60.0 kg/sec
      Well depth (or total length, if not vertical):          4.0 kilometer
      Segment 1   Geothermal gradient:                        0.0500 degC/m
      Segment 1   Thickness:                               1000 meter
      Segment 2   Geothermal gradient:                        0.0400 degC/m
      Segment 2   Thickness:                               1000 meter
      Segment 3   Geothermal gradient:                        0.0300 degC/m
      Segment 3   Thickness:                               1000 meter
      Segment 4   Geothermal gradient:                        0.0500 degC/m


                           ***ECONOMIC PARAMETERS***

      Economic Model = Fixed Charge Rate (FCR)
      Fixed Charge Rate (FCR):                                5.00
      Accrued financing during construction:                  0.00
      Project lifetime:                                      30 yr
      Capacity factor:                                       90.0 %
      Project NPV:                                         -92.65 MUSD
      Project IRR:                                           0.00 %
      Project VIR=PI=PIR:                                   -0.18
      Project MOIC:                                         -0.82

                          ***ENGINEERING PARAMETERS***

      Number of Production Wells:                             2
      Number of Injection Wells:                              2
      Well depth (or total length, if not vertical):          4.0 kilometer
      Water loss rate:                                        2.0
      Pump efficiency:                                       80.0
      Injection temperature:                                 50.0 degC
      User-provided production well temperature drop
      Constant production well temperature drop:              2.0 degC
      Flowrate per production well:                          60.0 kg/sec
      Injection well casing ID:                               7.000 in
      Production well casing ID:                              7.000 in
      Number of times redrilling:                             0
      Power plant type:                                       Supercritical ORC


                         ***RESOURCE CHARACTERISTICS***

      Maximum reservoir temperature:                        400.0 degC
      Number of segments:                                     4
      Segment 1   Geothermal gradient:                        0.0500 degC/m
      Segment 1   Thickness:                               1000 meter
      Segment 2   Geothermal gradient:                        0.0400 degC/m
      Segment 2   Thickness:                               1000 meter
      Segment 3   Geothermal gradient:                        0.0300 degC/m
      Segment 3   Thickness:                               1000 meter
      Segment 4   Geothermal gradient:                        0.0500 degC/m


                           ***RESERVOIR PARAMETERS***

      Reservoir Model = Multiple Parallel Fractures Model
      Bottom-hole temperature:                              190.00 degC
      Fracture model = Square
      Well seperation: fracture height:                     600.00 meter
      Fracture area:                                     360000.00 m**2
      Reservoir volume:                              1000000000 m**3
      Reservoir hydrostatic pressure:                     39398.56 kPa
      Plant outlet pressure:                              39674.31 kPa
      Production wellhead pressure:                       39743.26 kPa
      Productivity Index:                                     5.00 kg/sec/bar
      Injectivity Index:                                      5.00 kg/sec/bar
      Reservoir density:                                   2700.00 kg/m**3
      Reservoir thermal conductivity:                         2.70 watt/m/kelvin
      Reservoir heat capacity:                             1000.00 J/kg/kelvin


                           ***RESERVOIR SIMULATION RESULTS***

      Maximum Production Temperature:                       188.0 degC
      Average Production Temperature:                       185.5 degC
      Minimum Production Temperature:                       178.9 degC
      Initial Production Temperature:                       188.0 degC
      Average Reservoir Heat Extraction:                     65.65 MW
      Wellbore Heat Transmission Model = Constant Temperature Drop:       2.0 degC
      Average Injection Well Pump Pressure Drop:         -38272.4 kPa
      Average Production Well Pump Pressure Drop:         39556.7 kPa


                          ***CAPITAL COSTS (M$)***

         Drilling and completion costs:                      33.28 MUSD
         Drilling and completion costs per well:              8.32 MUSD
         Stimulation costs:                                   3.02 MUSD
         Surface power plant costs:                          30.27 MUSD
         Field gathering system costs:                        4.43 MUSD
         Total surface equipment costs:                      34.70 MUSD
         Exploration costs:                                   7.41 MUSD
      Total capital costs:                                   78.41 MUSD
      Annualized capital costs:                               3.92 MUSD


                ***OPERATING AND MAINTENANCE COSTS (M$/yr)***

         Wellfield maintenance costs:                         0.64 MUSD/yr
         Power plant maintenance costs:                       1.25 MUSD/yr
         Water costs:                                         0.06 MUSD/yr
      Total operating and maintenance costs:                  1.95 MUSD/yr


                           ***SURFACE EQUIPMENT SIMULATION RESULTS***

      Initial geofluid availability:                          0.15 MW/(kg/s)
      Maximum Total Electricity Generation:                   8.54 MW
      Average Total Electricity Generation:                   8.23 MW
      Minimum Total Electricity Generation:                   7.44 MW
      Initial Total Electricity Generation:                   8.54 MW
      Maximum Net Electricity Generation:                     2.21 MW
      Average Net Electricity Generation:                     1.90 MW
      Minimum Net Electricity Generation:                     1.12 MW
      Initial Net Electricity Generation:                     2.21 MW
      Average Annual Total Electricity Generation:           64.55 GWh
      Average Annual Net Electricity Generation:             14.94 GWh
      Initial pumping power/net installed power:            286.00 %
      Average Pumping Power:                                  6.33 MW

                            ************************************************************
                            *  HEATING, COOLING AND/OR ELECTRICITY PRODUCTION PROFILE  *
                            ************************************************************
  YEAR       THERMAL               GEOFLUID               PUMP               NET               FIRST LAW
             DRAWDOWN             TEMPERATURE             POWER             POWER              EFFICIENCY
                                     (degC)               (MW)              (MW)                  (%)
   1           1.0000                188.00               6.3288            2.2129                3.3089
   2           1.0000                188.00               6.3288            2.2129                3.3089
   3           1.0000                188.00               6.3288            2.2129                3.3089
   4           1.0000                188.00               6.3288            2.2129                3.3089
   5           1.0000                188.00               6.3288            2.2129                3.3089
   6           1.0000                188.00               6.3288            2.2128                3.3087
   7           1.0000                187.99               6.3288            2.2122                3.3080
   8           0.9999                187.98               6.3288            2.2105                3.3057
   9           0.9997                187.95               6.3287            2.2065                3.3006
  10           0.9994                187.89               6.3287            2.1993                3.2913
  11           0.9989                187.80               6.3287            2.1880                3.2765
  12           0.9982                187.67               6.3286            2.1717                3.2553
  13           0.9973                187.49               6.3285            2.1502                3.2271
  14           0.9961                187.27               6.3284            2.1232                3.1917
  15           0.9947                187.01               6.3282            2.0908                3.1490
  16           0.9931                186.70               6.3280            2.0531                3.0992
  17           0.9912                186.35               6.3278            2.0104                3.0425
  18           0.9892                185.96               6.3276            1.9631                2.9794
  19           0.9869                185.54               6.3274            1.9116                2.9102
  20           0.9845                185.08               6.3271            1.8562                2.8355
  21           0.9819                184.60               6.3269            1.7975                2.7557
  22           0.9792                184.09               6.3266            1.7359                2.6713
  23           0.9764                183.56               6.3263            1.6716                2.5827
  24           0.9734                183.01               6.3260            1.6052                2.4904
  25           0.9704                182.44               6.3257            1.5369                2.3947
  26           0.9673                181.85               6.3253            1.4671                2.2960
  27           0.9641                181.25               6.3250            1.3960                2.1947
  28           0.9609                180.65               6.3247            1.3239                2.0910
  29           0.9576                180.03               6.3243            1.2510                1.9853
  30           0.9543                179.41               6.3240            1.1776                1.8778


                              *******************************************************************
                              *  ANNUAL HEATING, COOLING AND/OR ELECTRICITY PRODUCTION PROFILE  *
                              *******************************************************************
  YEAR             ELECTRICITY                   HEAT                RESERVOIR            PERCENTAGE OF
                    PROVIDED                   EXTRACTED            HEAT CONTENT        TOTAL HEAT MINED
                   (GWh/year)                  (GWh/year)            (10^15 J)                 (%)
   1                  17.4                       527.3                376.10                   0.50
   2                  17.4                       527.3                374.20                   1.00
   3                  17.4                       527.3                372.31                   1.51
   4                  17.4                       527.3                370.41                   2.01
   5                  17.4                       527.3                368.51                   2.51
   6                  17.4                       527.2                366.61                   3.01
   7                  17.4                       527.2                364.71                   3.51
   8                  17.4                       527.1                362.82                   4.02
   9                  17.4                       527.0                360.92                   4.52
  10                  17.3                       526.7                359.02                   5.02
  11                  17.2                       526.2                357.13                   5.52
  12                  17.0                       525.7                355.24                   6.02
  13                  16.8                       524.9                353.35                   6.52
  14                  16.6                       524.0                351.46                   7.02
  15                  16.3                       522.9                349.58                   7.52
  16                  16.0                       521.6                347.70                   8.02
  17                  15.7                       520.2                345.83                   8.51
  18                  15.3                       518.7                343.96                   9.01
  19                  14.9                       517.0                342.10                   9.50
  20                  14.4                       515.2                340.24                   9.99
  21                  13.9                       513.3                338.40                  10.48
  22                  13.4                       511.3                336.55                  10.96
  23                  12.9                       509.2                334.72                  11.45
  24                  12.4                       507.1                332.90                  11.93
  25                  11.8                       504.9                331.08                  12.41
  26                  11.3                       502.6                329.27                  12.89
  27                  10.7                       500.3                327.47                  13.37
  28                  10.2                       498.0                325.68                  13.84
  29                   9.6                       495.6                323.89                  14.31
  30                   7.5                       411.2                322.41                  14.71
