                               *****************
                               ***CASE REPORT***
                               *****************

Simulation Metadata
----------------------
 GEOPHIRES Version: 3.4.0
 GEOPHIRES Build Date: 2022-06-30
 Simulation Date: 2024-02-13
 Simulation Time:  07:50
 Calculation Time:      0.590 sec

                           ***SUMMARY OF RESULTS***

      End-Use Option: Direct-Use Heat
      Average Direct-Use Heat Production:                     9.72 MW
      Direct-Use heat breakeven price:                        8.90 USD/MMBTU
      Number of production wells:                             1
      Number of injection wells:                              1
      Flowrate per production well:                          40.0 kg/sec
      Well depth (or total length, if not vertical):          2.8 kilometer
      Geothermal gradient:                                    0.0280 degC/m


                           ***ECONOMIC PARAMETERS***

      Economic Model = Fixed Charge Rate (FCR)
      Fixed Charge Rate (FCR):                                5.00
      Accrued financing during construction:                  0.00
      Project lifetime:                                      30 yr
      Capacity factor:                                       60.0 %
      Project NPV:                                          -9.77 MUSD
      Project IRR:                                           0.01 %
      Project VIR=PI=PIR:                                    0.54
      Project MOIC:                                          0.11

                          ***ENGINEERING PARAMETERS***

      Number of Production Wells:                             1
      Number of Injection Wells:                              1
      Well depth (or total length, if not vertical):          2.8 kilometer
      Water loss rate:                                        2.0
      Pump efficiency:                                       80.0
      Injection temperature:                                 30.0 degC
      Production Wellbore heat transmission calculated with Ramey's model
      Average production well temperature drop:               2.0 degC
      Flowrate per production well:                          40.0 kg/sec
      Injection well casing ID:                               7.000 in
      Production well casing ID:                              7.000 in
      Number of times redrilling:                             0


                         ***RESOURCE CHARACTERISTICS***

      Maximum reservoir temperature:                        400.0 degC
      Number of segments:                                     1
      Geothermal gradient:                                    0.0280 degC/m


                           ***RESERVOIR PARAMETERS***

      Reservoir Model = Multiple Parallel Fractures Model
      Bottom-hole temperature:                               98.40 degC
      Fracture model = Square
      Well seperation: fracture height:                     700.00 meter
      Fracture area:                                     490000.00 m**2
      Reservoir volume calculated with fracture separation and number of fractures as input
      Number of fractures:                                    5.00
      Fracture separation:                                  100.00 meter
      Reservoir volume:                               196000000 m**3
      Reservoir impedance:                                    0.05 GPa.s/m**3
      Reservoir density:                                   2730.00 kg/m**3
      Reservoir thermal conductivity:                         2.83 watt/m/kelvin
      Reservoir heat capacity:                              825.00 J/kg/kelvin


                           ***RESERVOIR SIMULATION RESULTS***

      Maximum Production Temperature:                        96.2 degC
      Average Production Temperature:                        94.5 degC
      Minimum Production Temperature:                        90.5 degC
      Initial Production Temperature:                        95.1 degC
      Average Reservoir Heat Extraction:                     10.80 MW
      Production Wellbore Heat Transmission Model = Ramey Model
      Average Production Well Temperature Drop:               2.0 degC
      Total Average Pressure Drop:                         1788.5 kPa
      Average Injection Well Pressure Drop:                 379.6 kPa
      Average Reservoir Pressure Drop:                     1974.3 kPa
      Average Production Well Pressure Drop:                362.9 kPa
      Average Buoyancy Pressure Drop:                      -928.2 kPa


                          ***CAPITAL COSTS (M$)***

         Drilling and completion costs:                       9.99 MUSD
         Drilling and completion costs per well:              5.00 MUSD
         Stimulation costs:                                   1.51 MUSD
         Surface power plant costs:                           3.57 MUSD
         Field gathering system costs:                        1.14 MUSD
         Total surface equipment costs:                       4.71 MUSD
         Exploration costs:                                   4.96 MUSD
      Total capital costs:                                   21.17 MUSD
      Annualized capital costs:                               1.06 MUSD


                ***OPERATING AND MAINTENANCE COSTS (M$/yr)***

         Wellfield maintenance costs:                         0.18 MUSD/yr
         Power plant maintenance costs:                       0.25 MUSD/yr
         Water costs:                                         0.01 MUSD/yr
         Average Reservoir Pumping Cost:                      0.05 MUSD/yr
      Total operating and maintenance costs:                  0.48 MUSD/yr


                           ***SURFACE EQUIPMENT SIMULATION RESULTS***

      Maximum Net Heat Production:                            9.98 MW
      Average Net Heat Production:                            9.72 MW
      Minimum Net Heat Production:                            9.12 MW
      Initial Net Heat Production:                            9.81 MW
      Average Annual Heat Production:                        50.82 GWh
      Average Pumping Power:                                  0.09 MW

                            ************************************************************
                            *  HEATING, COOLING AND/OR ELECTRICITY PRODUCTION PROFILE  *
                            ************************************************************
  YEAR       THERMAL               GEOFLUID               PUMP               NET
             DRAWDOWN             TEMPERATURE             POWER              HEAT
                                   (deg C)                (MW)               (MW)
   0           1.0000                 95.09               0.0875            9.8072
   1           1.0071                 95.76               0.0874            9.9085
   2           1.0091                 95.95               0.0873            9.9374
   3           1.0101                 96.05               0.0873            9.9525
   4           1.0108                 96.12               0.0873            9.9624
   5           1.0113                 96.16               0.0873            9.9695
   6           1.0116                 96.20               0.0873            9.9741
   7           1.0118                 96.21               0.0873            9.9759
   8           1.0117                 96.20               0.0873            9.9742
   9           1.0113                 96.16               0.0874            9.9684
  10           1.0105                 96.09               0.0875            9.9581
  11           1.0095                 95.99               0.0876            9.9431
  12           1.0081                 95.86               0.0877            9.9236
  13           1.0064                 95.70               0.0878            9.8996
  14           1.0045                 95.51               0.0880            9.8714
  15           1.0023                 95.30               0.0882            9.8395
  16           0.9998                 95.07               0.0884            9.8042
  17           0.9971                 94.81               0.0887            9.7659
  18           0.9943                 94.54               0.0889            9.7249
  19           0.9912                 94.25               0.0892            9.6815
  20           0.9881                 93.95               0.0894            9.6361
  21           0.9848                 93.64               0.0897            9.5888
  22           0.9814                 93.31               0.0900            9.5400
  23           0.9778                 92.98               0.0903            9.4897
  24           0.9743                 92.64               0.0906            9.4383
  25           0.9706                 92.29               0.0909            9.3857
  26           0.9668                 91.93               0.0913            9.3321
  27           0.9630                 91.57               0.0916            9.2776
  28           0.9592                 91.21               0.0919            9.2222
  29           0.9553                 90.83               0.0922            9.1661


                              *******************************************************************
                              *  ANNUAL HEATING, COOLING AND/OR ELECTRICITY PRODUCTION PROFILE  *
                              *******************************************************************
  YEAR               HEAT                       HEAT                RESERVOIR            PERCENTAGE OF
                    PROVIDED                   EXTRACTED            HEAT CONTENT        TOTAL HEAT MINED
                   (GWh/year)                  (GWh/year)            (10^15 J)                 (%)
   1                  51.8                        57.6                 29.99                   0.69
   2                  52.2                        58.0                 29.78                   1.38
   3                  52.3                        58.1                 29.57                   2.07
   4                  52.3                        58.2                 29.36                   2.76
   5                  52.4                        58.2                 29.15                   3.46
   6                  52.4                        58.2                 28.94                   4.15
   7                  52.4                        58.3                 28.73                   4.85
   8                  52.4                        58.3                 28.52                   5.54
   9                  52.4                        58.2                 28.31                   6.24
  10                  52.4                        58.2                 28.10                   6.93
  11                  52.3                        58.1                 27.89                   7.62
  12                  52.2                        58.0                 27.68                   8.31
  13                  52.1                        57.9                 27.48                   9.00
  14                  52.0                        57.7                 27.27                   9.69
  15                  51.8                        57.6                 27.06                  10.38
  16                  51.6                        57.4                 26.85                  11.06
  17                  51.4                        57.1                 26.65                  11.74
  18                  51.2                        56.9                 26.44                  12.42
  19                  51.0                        56.7                 26.24                  13.10
  20                  50.8                        56.4                 26.04                  13.77
  21                  50.5                        56.1                 25.83                  14.44
  22                  50.3                        55.9                 25.63                  15.11
  23                  50.0                        55.6                 25.43                  15.77
  24                  49.7                        55.3                 25.23                  16.43
  25                  49.5                        55.0                 25.04                  17.08
  26                  49.2                        54.7                 24.84                  17.73
  27                  48.9                        54.3                 24.64                  18.38
  28                  48.6                        54.0                 24.45                  19.03
  29                  48.3                        53.7                 24.26                  19.67
  30                  40.0                        44.5                 24.10                  20.20
