                               *****************
                               ***CASE REPORT***
                               *****************

Simulation Metadata
----------------------
 GEOPHIRES Version: 3.4.0
 GEOPHIRES Build Date: 2022-06-30
 Simulation Date: 2024-02-13
 Simulation Time:  09:44
 Calculation Time:      0.143 sec

                           ***SUMMARY OF RESULTS***

      End-Use Option: Direct-Use Heat
      Average Direct-Use Heat Production:                     8.49 MW
      Average Cooling Production:                             5.50 MW
      Direct-Use Cooling Breakeven Price:                    17.52 USD/MMBTU
      Number of production wells:                             2
      Number of injection wells:                              2
      Flowrate per production well:                          50.0 kg/sec
      Well depth (or total length, if not vertical):          2.1 kilometer
      Geothermal gradient:                                    0.0450 degC/m


                           ***ECONOMIC PARAMETERS***

      Economic Model = Standard Levelized Cost
      Interest Rate:                                          5.00
      Accrued financing during construction:                  5.00
      Project lifetime:                                      30 yr
      Capacity factor:                                       90.0 %
      Project NPV:                                         -14.71 MUSD
      Project IRR:                                           0.01 %
      Project VIR=PI=PIR:                                    0.50
      Project MOIC:                                          0.06

                          ***ENGINEERING PARAMETERS***

      Number of Production Wells:                             2
      Number of Injection Wells:                              2
      Well depth (or total length, if not vertical):          2.1 kilometer
      Water loss rate:                                        2.0
      Pump efficiency:                                       80.0
      Injection temperature:                                 83.0 degC
      User-provided production well temperature drop
      Constant production well temperature drop:              5.0 degC
      Flowrate per production well:                          50.0 kg/sec
      Injection well casing ID:                               8.500 in
      Production well casing ID:                              8.500 in
      Number of times redrilling:                             0


                         ***RESOURCE CHARACTERISTICS***

      Maximum reservoir temperature:                        400.0 degC
      Number of segments:                                     1
      Geothermal gradient:                                    0.0450 degC/m


                           ***RESERVOIR PARAMETERS***

      Reservoir Model = Single Fracture m/A Thermal Drawdown Model
      m/A Drawdown Parameter:                                 0.00002 1/year
      Bottom-hole temperature:                              109.50 degC
      Reservoir volume calculated with fracture separation and number of fractures as input
      Number of fractures:                                   12.00
      Fracture separation:                                   80.00 meter
      Reservoir volume:                               176000000 m**3
      Reservoir hydrostatic pressure:                     29430.00 kPa
      Plant outlet pressure:                                416.74 kPa
      Production wellhead pressure:                         485.69 kPa
      Productivity Index:                                    10.00 kg/sec/bar
      Injectivity Index:                                      5.00 kg/sec/bar
      Reservoir density:                                   3000.00 kg/m**3
      Reservoir thermal conductivity:                         3.00 watt/m/kelvin
      Reservoir heat capacity:                             1000.00 J/kg/kelvin


                           ***RESERVOIR SIMULATION RESULTS***

      Maximum Production Temperature:                       104.5 degC
      Average Production Temperature:                       103.8 degC
      Minimum Production Temperature:                       102.1 degC
      Initial Production Temperature:                       104.5 degC
      Average Reservoir Heat Extraction:                      8.49 MW
      Wellbore Heat Transmission Model = Constant Temperature Drop:       5.0 degC
      Average Injection Well Pump Pressure Drop:           1101.4 kPa
      Average Production Well Pump Pressure Drop:           482.5 kPa


                          ***CAPITAL COSTS (M$)***

         Drilling and completion costs:                      13.91 MUSD
         Drilling and completion costs per well:              3.48 MUSD
         Stimulation costs:                                   3.02 MUSD
         Surface power plant costs:                           6.57 MUSD
            of which Absorption Chiller Cost:                 3.74 MUSD
         Field gathering system costs:                        2.34 MUSD
         Total surface equipment costs:                       8.91 MUSD
         Exploration costs:                                   3.85 MUSD
      Total capital costs:                                   29.68 MUSD


                ***OPERATING AND MAINTENANCE COSTS (M$/yr)***

         Wellfield maintenance costs:                         0.23 MUSD/yr
         Power plant maintenance costs:                       0.24 MUSD/yr
         Water costs:                                         0.05 MUSD/yr
         Average Reservoir Pumping Cost:                      0.11 MUSD/yr
         Absorption Chiller O&M Cost:                         0.07 MUSD/yr
      Total operating and maintenance costs:                  0.69 MUSD/yr


                           ***SURFACE EQUIPMENT SIMULATION RESULTS***

      Maximum Net Heat Production:                            8.80 MW
      Average Net Heat Production:                            8.49 MW
      Minimum Net Heat Production:                            7.80 MW
      Initial Net Heat Production:                            8.80 MW
      Average Annual Heat Production:                        66.73 GWh
      Maximum Cooling Production:                             5.70 MW
      Average Cooling Production:                             5.50 MW
      Minimum Cooling Production:                             5.05 MW
      Initial Cooling Production:                             5.70 MW
      Average Annual Cooling Production:                     43.24 GWh/year
      Average Pumping Power:                                  0.20 MW

                            ************************************************************
                            *  HEATING, COOLING AND/OR ELECTRICITY PRODUCTION PROFILE  *
                            ************************************************************
  YEAR         THERMAL              GEOFLUID               PUMP               NET              NET
               DRAWDOWN            TEMPERATURE             POWER              HEAT             COOLING
                                    (deg C)                (MWe)              (MWt)            (MWt)
   0            1.0000               104.50                0.2013             8.7953           5.6993
   1            1.0000               104.50                0.2013             8.7953           5.6993
   2            1.0000               104.50                0.2013             8.7953           5.6993
   3            1.0000               104.50                0.2013             8.7953           5.6993
   4            1.0000               104.50                0.2013             8.7952           5.6993
   5            1.0000               104.50                0.2013             8.7949           5.6991
   6            1.0000               104.50                0.2013             8.7935           5.6982
   7            0.9999               104.49                0.2013             8.7899           5.6959
   8            0.9997               104.47                0.2013             8.7832           5.6915
   9            0.9995               104.44                0.2014             8.7723           5.6844
  10            0.9991               104.41                0.2014             8.7567           5.6744
  11            0.9986               104.36                0.2015             8.7363           5.6611
  12            0.9980               104.29                0.2016             8.7109           5.6446
  13            0.9973               104.22                0.2018             8.6808           5.6251
  14            0.9965               104.14                0.2019             8.6462           5.6028
  15            0.9956               104.04                0.2021             8.6077           5.5778
  16            0.9946               103.94                0.2023             8.5656           5.5505
  17            0.9936               103.83                0.2025             8.5203           5.5212
  18            0.9924               103.71                0.2027             8.4723           5.4901
  19            0.9913               103.59                0.2029             8.4219           5.4574
  20            0.9900               103.46                0.2031             8.3696           5.4235
  21            0.9888               103.33                0.2033             8.3155           5.3885
  22            0.9875               103.19                0.2036             8.2601           5.3526
  23            0.9862               103.05                0.2038             8.2036           5.3159
  24            0.9848               102.91                0.2040             8.1462           5.2788
  25            0.9835               102.77                0.2043             8.0882           5.2412
  26            0.9821               102.63                0.2045             8.0297           5.2033
  27            0.9807               102.48                0.2048             7.9709           5.1652
  28            0.9793               102.34                0.2050             7.9120           5.1270
  29            0.9780               102.20                0.2053             7.8530           5.0887


                              *******************************************************************
                              *  ANNUAL HEATING, COOLING AND/OR ELECTRICITY PRODUCTION PROFILE  *
                              *******************************************************************
  YEAR              COOLING                 HEAT                RESERVOIR            PERCENTAGE OF
                    PROVIDED              EXTRACTED            HEAT CONTENT        TOTAL HEAT MINED
                   (GWh/year)             (GWh/year)            (10^15 J)                 (%)
   1                  44.9                   69.3                 13.74                   1.78
   2                  44.9                   69.3                 13.49                   3.57
   3                  44.9                   69.3                 13.24                   5.35
   4                  44.9                   69.3                 12.99                   7.14
   5                  44.9                   69.3                 12.74                   8.92
   6                  44.9                   69.3                 12.49                  10.70
   7                  44.9                   69.3                 12.24                  12.49
   8                  44.9                   69.3                 12.00                  14.27
   9                  44.8                   69.2                 11.75                  16.05
  10                  44.8                   69.1                 11.50                  17.83
  11                  44.7                   69.0                 11.25                  19.60
  12                  44.6                   68.8                 11.00                  21.37
  13                  44.4                   68.6                 10.75                  23.14
  14                  44.3                   68.3                 10.51                  24.89
  15                  44.1                   68.0                 10.26                  26.64
  16                  43.9                   67.7                 10.02                  28.39
  17                  43.6                   67.4                  9.78                  30.12
  18                  43.4                   67.0                  9.54                  31.84
  19                  43.2                   66.6                  9.30                  33.56
  20                  42.9                   66.2                  9.06                  35.26
  21                  42.6                   65.8                  8.82                  36.95
  22                  42.3                   65.3                  8.59                  38.63
  23                  42.1                   64.9                  8.35                  40.30
  24                  41.8                   64.5                  8.12                  41.96
  25                  41.5                   64.0                  7.89                  43.61
  26                  41.2                   63.5                  7.66                  45.24
  27                  40.9                   63.1                  7.43                  46.86
  28                  40.6                   62.6                  7.21                  48.48
  29                  40.3                   62.1                  6.99                  50.07
  30                  36.0                   55.5                  6.79                  51.50
