                               *****************
                               ***CASE REPORT***
                               *****************

Simulation Metadata
----------------------
 GEOPHIRES Version: 3.4.3
 GEOPHIRES Build Date: 2022-06-30
 Simulation Date: 2024-02-18
 Simulation Time:  08:29
 Calculation Time:      0.606 sec

                           ***SUMMARY OF RESULTS***

      End-Use Option: Electricity
      Average Net Electricity Production:                     0.47 MW
      Electricity breakeven price:                           50.18 cents/kWh
      Number of production wells:                             1
      Number of injection wells:                              1
      Flowrate per production well:                          40.0 kg/sec
      Well depth (or total length, if not vertical):          3.8 kilometer
      Geothermal gradient:                                    0.0280 degC/m


                           ***ECONOMIC PARAMETERS***

      Economic Model = Fixed Charge Rate (FCR)
      Fixed Charge Rate (FCR):                                5.00
      Accrued financing during construction:                  0.00
      Project lifetime:                                      30 yr
      Capacity factor:                                       90.0 %
      Project NPV:                                         -31.10 MUSD
      Project IRR:                                           0.00 %
      Project VIR=PI=PIR:                                   -0.13
      Project MOIC:                                         -0.85

                          ***ENGINEERING PARAMETERS***

      Number of Production Wells:                             1
      Number of Injection Wells:                              1
      Well depth (or total length, if not vertical):          3.8 kilometer
      Water loss rate:                                        2.0
      Pump efficiency:                                       80.0
      Injection temperature:                                 60.0 degC
      Production Wellbore heat transmission calculated with Ramey's model
      Average production well temperature drop:               3.7 degC
      Flowrate per production well:                          40.0 kg/sec
      Injection well casing ID:                               7.000 in
      Production well casing ID:                              7.000 in
      Number of times redrilling:                             0
      Power plant type:                                       Subcritical ORC


                         ***RESOURCE CHARACTERISTICS***

      Maximum reservoir temperature:                        400.0 degC
      Number of segments:                                     1
      Geothermal gradient:                                    0.0280 degC/m


                           ***RESERVOIR PARAMETERS***

      Reservoir Model = Multiple Parallel Fractures Model
      Bottom-hole temperature:                              126.40 degC
      Fracture model = Square
      Well seperation: fracture height:                     700.00 meter
      Fracture area:                                     490000.00 m**2
      Reservoir volume calculated with fracture separation and number of fractures as input
      Number of fractures:                                    5.00
      Fracture separation:                                  100.00 meter
      Reservoir volume:                               196000000 m**3
      Reservoir impedance:                                    0.05 GPa.s/m**3
      Reservoir density:                                   2730.00 kg/m**3
      Reservoir thermal conductivity:                         2.83 watt/m/kelvin
      Reservoir heat capacity:                              825.00 J/kg/kelvin


                           ***RESERVOIR SIMULATION RESULTS***

      Maximum Production Temperature:                       122.4 degC
      Average Production Temperature:                       121.1 degC
      Minimum Production Temperature:                       117.9 degC
      Initial Production Temperature:                       120.5 degC
      Average Reservoir Heat Extraction:                      9.86 MW
      Production Wellbore Heat Transmission Model = Ramey Model
      Average Production Well Temperature Drop:               3.7 degC
      Total Average Pressure Drop:                         1545.7 kPa
      Average Injection Well Pressure Drop:                 505.1 kPa
      Average Reservoir Pressure Drop:                     1986.8 kPa
      Average Production Well Pressure Drop:                494.6 kPa
      Average Buoyancy Pressure Drop:                     -1440.9 kPa


                          ***CAPITAL COSTS (M$)***

         Drilling and completion costs:                      15.41 MUSD
         Drilling and completion costs per well:              7.70 MUSD
         Stimulation costs:                                   1.51 MUSD
         Surface power plant costs:                           2.42 MUSD
         Field gathering system costs:                        1.13 MUSD
         Total surface equipment costs:                       3.55 MUSD
         Exploration costs:                                   6.96 MUSD
      Total capital costs:                                   27.42 MUSD
      Annualized capital costs:                               1.37 MUSD


                ***OPERATING AND MAINTENANCE COSTS (M$/yr)***

         Wellfield maintenance costs:                         0.23 MUSD/yr
         Power plant maintenance costs:                       0.23 MUSD/yr
         Water costs:                                         0.02 MUSD/yr
      Total operating and maintenance costs:                  0.48 MUSD/yr


                           ***SURFACE EQUIPMENT SIMULATION RESULTS***

      Initial geofluid availability:                          0.06 MW/(kg/s)
      Maximum Total Electricity Generation:                   0.57 MW
      Average Total Electricity Generation:                   0.55 MW
      Minimum Total Electricity Generation:                   0.50 MW
      Initial Total Electricity Generation:                   0.54 MW
      Maximum Net Electricity Generation:                     0.49 MW
      Average Net Electricity Generation:                     0.47 MW
      Minimum Net Electricity Generation:                     0.42 MW
      Initial Net Electricity Generation:                     0.46 MW
      Average Annual Total Electricity Generation:            4.30 GWh
      Average Annual Net Electricity Generation:              3.69 GWh
      Initial pumping power/net installed power:             16.43 %
      Average Pumping Power:                                  0.08 MW

                            ************************************************************
                            *  HEATING, COOLING AND/OR ELECTRICITY PRODUCTION PROFILE  *
                            ************************************************************
  YEAR       THERMAL               GEOFLUID               PUMP               NET               FIRST LAW
             DRAWDOWN             TEMPERATURE             POWER             POWER              EFFICIENCY
                                     (degC)               (MW)              (MW)                  (%)
   1           1.0000                120.47               0.0758            0.4613                4.7312
   2           1.0095                121.61               0.0754            0.4801                4.8333
   3           1.0122                121.95               0.0753            0.4856                4.8630
   4           1.0136                122.12               0.0753            0.4886                4.8786
   5           1.0146                122.23               0.0752            0.4905                4.8889
   6           1.0153                122.32               0.0752            0.4919                4.8965
   7           1.0158                122.38               0.0752            0.4930                4.9021
   8           1.0162                122.42               0.0752            0.4937                4.9059
   9           1.0164                122.45               0.0752            0.4941                4.9077
  10           1.0164                122.45               0.0752            0.4940                4.9072
  11           1.0161                122.42               0.0753            0.4935                4.9042
  12           1.0157                122.37               0.0754            0.4925                4.8986
  13           1.0150                122.29               0.0756            0.4911                4.8903
  14           1.0142                122.18               0.0757            0.4891                4.8795
  15           1.0131                122.05               0.0759            0.4868                4.8661
  16           1.0118                121.90               0.0762            0.4840                4.8505
  17           1.0103                121.72               0.0764            0.4809                4.8327
  18           1.0087                121.53               0.0767            0.4774                4.8129
  19           1.0070                121.31               0.0770            0.4736                4.7914
  20           1.0051                121.08               0.0773            0.4696                4.7683
  21           1.0030                120.84               0.0777            0.4653                4.7438
  22           1.0009                120.59               0.0780            0.4608                4.7180
  23           0.9987                120.32               0.0784            0.4562                4.6911
  24           0.9964                120.04               0.0788            0.4514                4.6632
  25           0.9940                119.76               0.0792            0.4465                4.6343
  26           0.9916                119.46               0.0796            0.4414                4.6046
  27           0.9891                119.16               0.0800            0.4363                4.5742
  28           0.9865                118.85               0.0804            0.4310                4.5431
  29           0.9839                118.54               0.0808            0.4257                4.5113
  30           0.9813                118.22               0.0813            0.4204                4.4788


                              *******************************************************************
                              *  ANNUAL HEATING, COOLING AND/OR ELECTRICITY PRODUCTION PROFILE  *
                              *******************************************************************
  YEAR             ELECTRICITY                   HEAT                RESERVOIR            PERCENTAGE OF
                    PROVIDED                   EXTRACTED            HEAT CONTENT        TOTAL HEAT MINED
                   (GWh/year)                  (GWh/year)            (10^15 J)                 (%)
   1                   3.7                        77.7                 29.03                   0.95
   2                   3.8                        78.6                 28.75                   1.92
   3                   3.8                        78.9                 28.47                   2.89
   4                   3.9                        79.0                 28.18                   3.86
   5                   3.9                        79.2                 27.90                   4.83
   6                   3.9                        79.2                 27.61                   5.80
   7                   3.9                        79.3                 27.33                   6.78
   8                   3.9                        79.4                 27.04                   7.75
   9                   3.9                        79.4                 26.75                   8.73
  10                   3.9                        79.4                 26.47                   9.70
  11                   3.9                        79.3                 26.18                  10.68
  12                   3.9                        79.2                 25.90                  11.65
  13                   3.9                        79.1                 25.61                  12.62
  14                   3.8                        79.0                 25.33                  13.59
  15                   3.8                        78.8                 25.04                  14.56
  16                   3.8                        78.6                 24.76                  15.52
  17                   3.8                        78.3                 24.48                  16.48
  18                   3.7                        78.1                 24.20                  17.44
  19                   3.7                        77.8                 23.92                  18.40
  20                   3.7                        77.5                 23.64                  19.35
  21                   3.7                        77.2                 23.36                  20.30
  22                   3.6                        76.8                 23.09                  21.24
  23                   3.6                        76.5                 22.81                  22.18
  24                   3.5                        76.1                 22.54                  23.12
  25                   3.5                        75.8                 22.26                  24.05
  26                   3.5                        75.4                 21.99                  24.97
  27                   3.4                        75.0                 21.72                  25.89
  28                   3.4                        74.6                 21.45                  26.81
  29                   3.3                        74.2                 21.19                  27.72
  30                   2.7                        61.5                 20.96                  28.48
